TCRD_BRANCH_START branch=C0
EVAL_PROGRESS 200/3418
EVAL_PROGRESS 400/3418
EVAL_PROGRESS 600/3418
EVAL_PROGRESS 800/3418
EVAL_PROGRESS 1000/3418
EVAL_PROGRESS 1200/3418
EVAL_PROGRESS 1400/3418
EVAL_PROGRESS 1600/3418
EVAL_PROGRESS 1800/3418
EVAL_PROGRESS 2000/3418
EVAL_PROGRESS 2200/3418
EVAL_PROGRESS 2400/3418
EVAL_PROGRESS 2600/3418
EVAL_PROGRESS 2800/3418
EVAL_PROGRESS 3000/3418
EVAL_PROGRESS 3200/3418
EVAL_PROGRESS 3400/3418
TCRD_TRAIN branch=C0 epoch=1/5 batch=100/1171 global_step=100/5855 loss=0.176541 lr=0.00231346
TCRD_TRAIN branch=C0 epoch=1/5 batch=200/1171 global_step=200/5855 loss=0.175750 lr=0.00227725
TCRD_TRAIN branch=C0 epoch=1/5 batch=300/1171 global_step=300/5855 loss=0.176354 lr=0.00224098
TCRD_TRAIN branch=C0 epoch=1/5 batch=400/1171 global_step=400/5855 loss=0.175927 lr=0.00220465
TCRD_TRAIN branch=C0 epoch=1/5 batch=500/1171 global_step=500/5855 loss=0.175467 lr=0.00216825
TCRD_TRAIN branch=C0 epoch=1/5 batch=600/1171 global_step=600/5855 loss=0.177211 lr=0.00213178
TCRD_TRAIN branch=C0 epoch=1/5 batch=700/1171 global_step=700/5855 loss=0.178581 lr=0.00209524
TCRD_TRAIN branch=C0 epoch=1/5 batch=800/1171 global_step=800/5855 loss=0.177157 lr=0.00205863
TCRD_TRAIN branch=C0 epoch=1/5 batch=900/1171 global_step=900/5855 loss=0.177524 lr=0.00202195
TCRD_TRAIN branch=C0 epoch=1/5 batch=1000/1171 global_step=1000/5855 loss=0.177939 lr=0.00198520
TCRD_TRAIN branch=C0 epoch=1/5 batch=1100/1171 global_step=1100/5855 loss=0.177800 lr=0.00194837
TCRD_EPOCH_SUMMARY {"all_finite": true, "branch": "C0", "classification_loss": 0.17824532047715785, "epoch": 1, "epoch_seconds": 125.12963724136353, "global_step": 1171, "lr_end": 0.001922168351569974, "mechanism_parameters": {"competition_matrix": null, "eta_d": null, "eta_r": null, "kappa": null, "steps": 0}}
EVAL_PROGRESS 200/3418
EVAL_PROGRESS 400/3418
EVAL_PROGRESS 600/3418
EVAL_PROGRESS 800/3418
EVAL_PROGRESS 1000/3418
EVAL_PROGRESS 1200/3418
EVAL_PROGRESS 1400/3418
EVAL_PROGRESS 1600/3418
EVAL_PROGRESS 1800/3418
EVAL_PROGRESS 2000/3418
EVAL_PROGRESS 2200/3418
EVAL_PROGRESS 2400/3418
EVAL_PROGRESS 2600/3418
EVAL_PROGRESS 2800/3418
EVAL_PROGRESS 3000/3418
EVAL_PROGRESS 3200/3418
EVAL_PROGRESS 3400/3418
TCRD_TRAIN branch=C0 epoch=2/5 batch=100/1171 global_step=1271/5855 loss=0.176504 lr=0.00188520
TCRD_TRAIN branch=C0 epoch=2/5 batch=200/1171 global_step=1371/5855 loss=0.180341 lr=0.00184816
TCRD_TRAIN branch=C0 epoch=2/5 batch=300/1171 global_step=1471/5855 loss=0.176207 lr=0.00181103
TCRD_TRAIN branch=C0 epoch=2/5 batch=400/1171 global_step=1571/5855 loss=0.176115 lr=0.00177382
TCRD_TRAIN branch=C0 epoch=2/5 batch=500/1171 global_step=1671/5855 loss=0.175565 lr=0.00173652
TCRD_TRAIN branch=C0 epoch=2/5 batch=600/1171 global_step=1771/5855 loss=0.175347 lr=0.00169913
TCRD_TRAIN branch=C0 epoch=2/5 batch=700/1171 global_step=1871/5855 loss=0.174423 lr=0.00166165
TCRD_TRAIN branch=C0 epoch=2/5 batch=800/1171 global_step=1971/5855 loss=0.174379 lr=0.00162407
TCRD_TRAIN branch=C0 epoch=2/5 batch=900/1171 global_step=2071/5855 loss=0.175143 lr=0.00158640
TCRD_TRAIN branch=C0 epoch=2/5 batch=1000/1171 global_step=2171/5855 loss=0.175245 lr=0.00154863
TCRD_TRAIN branch=C0 epoch=2/5 batch=1100/1171 global_step=2271/5855 loss=0.174843 lr=0.00151075
TCRD_EPOCH_SUMMARY {"all_finite": true, "branch": "C0", "classification_loss": 0.17498917474286563, "epoch": 2, "epoch_seconds": 126.01504421234131, "global_step": 2342, "lr_end": 0.0014837965879669016, "mechanism_parameters": {"competition_matrix": null, "eta_d": null, "eta_r": null, "kappa": null, "steps": 0}}
EVAL_PROGRESS 200/3418
EVAL_PROGRESS 400/3418
EVAL_PROGRESS 600/3418
EVAL_PROGRESS 800/3418
EVAL_PROGRESS 1000/3418
EVAL_PROGRESS 1200/3418
EVAL_PROGRESS 1400/3418
EVAL_PROGRESS 1600/3418
EVAL_PROGRESS 1800/3418
EVAL_PROGRESS 2000/3418
EVAL_PROGRESS 2200/3418
EVAL_PROGRESS 2400/3418
EVAL_PROGRESS 2600/3418
EVAL_PROGRESS 2800/3418
EVAL_PROGRESS 3000/3418
EVAL_PROGRESS 3200/3418
EVAL_PROGRESS 3400/3418
TCRD_TRAIN branch=C0 epoch=3/5 batch=100/1171 global_step=2442/5855 loss=0.175111 lr=0.00144574
TCRD_TRAIN branch=C0 epoch=3/5 batch=200/1171 global_step=2542/5855 loss=0.175953 lr=0.00140757
TCRD_TRAIN branch=C0 epoch=3/5 batch=300/1171 global_step=2642/5855 loss=0.172979 lr=0.00136929
TCRD_TRAIN branch=C0 epoch=3/5 batch=400/1171 global_step=2742/5855 loss=0.172658 lr=0.00133088
TCRD_TRAIN branch=C0 epoch=3/5 batch=500/1171 global_step=2842/5855 loss=0.171976 lr=0.00129235
TCRD_TRAIN branch=C0 epoch=3/5 batch=600/1171 global_step=2942/5855 loss=0.172110 lr=0.00125370
TCRD_TRAIN branch=C0 epoch=3/5 batch=700/1171 global_step=3042/5855 loss=0.170425 lr=0.00121491
TCRD_TRAIN branch=C0 epoch=3/5 batch=800/1171 global_step=3142/5855 loss=0.171443 lr=0.00117598
TCRD_TRAIN branch=C0 epoch=3/5 batch=900/1171 global_step=3242/5855 loss=0.171300 lr=0.00113691
TCRD_TRAIN branch=C0 epoch=3/5 batch=1000/1171 global_step=3342/5855 loss=0.170829 lr=0.00109769
TCRD_TRAIN branch=C0 epoch=3/5 batch=1100/1171 global_step=3442/5855 loss=0.170909 lr=0.00105832
TCRD_EPOCH_SUMMARY {"all_finite": true, "branch": "C0", "classification_loss": 0.1715536841042626, "epoch": 3, "epoch_seconds": 125.98932886123657, "global_step": 3513, "lr_end": 0.0010302623906800026, "mechanism_parameters": {"competition_matrix": null, "eta_d": null, "eta_r": null, "kappa": null, "steps": 0}}
EVAL_PROGRESS 200/3418
EVAL_PROGRESS 400/3418
EVAL_PROGRESS 600/3418
EVAL_PROGRESS 800/3418
EVAL_PROGRESS 1000/3418
EVAL_PROGRESS 1200/3418
EVAL_PROGRESS 1400/3418
EVAL_PROGRESS 1600/3418
EVAL_PROGRESS 1800/3418
EVAL_PROGRESS 2000/3418
EVAL_PROGRESS 2200/3418
EVAL_PROGRESS 2400/3418
EVAL_PROGRESS 2600/3418
EVAL_PROGRESS 2800/3418
EVAL_PROGRESS 3000/3418
EVAL_PROGRESS 3200/3418
EVAL_PROGRESS 3400/3418
TCRD_TRAIN branch=C0 epoch=4/5 batch=100/1171 global_step=3613/5855 loss=0.174044 lr=0.00099060
TCRD_TRAIN branch=C0 epoch=4/5 batch=200/1171 global_step=3713/5855 loss=0.174516 lr=0.00095076
TCRD_TRAIN branch=C0 epoch=4/5 batch=300/1171 global_step=3813/5855 loss=0.172827 lr=0.00091074
TCRD_TRAIN branch=C0 epoch=4/5 batch=400/1171 global_step=3913/5855 loss=0.169951 lr=0.00087052
TCRD_TRAIN branch=C0 epoch=4/5 batch=500/1171 global_step=4013/5855 loss=0.167319 lr=0.00083009
TCRD_TRAIN branch=C0 epoch=4/5 batch=600/1171 global_step=4113/5855 loss=0.168351 lr=0.00078944
TCRD_TRAIN branch=C0 epoch=4/5 batch=700/1171 global_step=4213/5855 loss=0.168298 lr=0.00074856
TCRD_TRAIN branch=C0 epoch=4/5 batch=800/1171 global_step=4313/5855 loss=0.167883 lr=0.00070743
TCRD_TRAIN branch=C0 epoch=4/5 batch=900/1171 global_step=4413/5855 loss=0.167435 lr=0.00066603
TCRD_TRAIN branch=C0 epoch=4/5 batch=1000/1171 global_step=4513/5855 loss=0.168080 lr=0.00062434
TCRD_TRAIN branch=C0 epoch=4/5 batch=1100/1171 global_step=4613/5855 loss=0.168425 lr=0.00058234
TCRD_EPOCH_SUMMARY {"all_finite": true, "branch": "C0", "classification_loss": 0.16833692881971418, "epoch": 4, "epoch_seconds": 126.02967309951782, "global_step": 4684, "lr_end": 0.0005523160161440765, "mechanism_parameters": {"competition_matrix": null, "eta_d": null, "eta_r": null, "kappa": null, "steps": 0}}
EVAL_PROGRESS 200/3418
EVAL_PROGRESS 400/3418
EVAL_PROGRESS 600/3418
EVAL_PROGRESS 800/3418
EVAL_PROGRESS 1000/3418
EVAL_PROGRESS 1200/3418
EVAL_PROGRESS 1400/3418
EVAL_PROGRESS 1600/3418
EVAL_PROGRESS 1800/3418
EVAL_PROGRESS 2000/3418
EVAL_PROGRESS 2200/3418
EVAL_PROGRESS 2400/3418
EVAL_PROGRESS 2600/3418
EVAL_PROGRESS 2800/3418
EVAL_PROGRESS 3000/3418
EVAL_PROGRESS 3200/3418
EVAL_PROGRESS 3400/3418
TCRD_TRAIN branch=C0 epoch=5/5 batch=100/1171 global_step=4784/5855 loss=0.163870 lr=0.00050972
TCRD_TRAIN branch=C0 epoch=5/5 batch=200/1171 global_step=4884/5855 loss=0.166904 lr=0.00046672
TCRD_TRAIN branch=C0 epoch=5/5 batch=300/1171 global_step=4984/5855 loss=0.166662 lr=0.00042327
TCRD_TRAIN branch=C0 epoch=5/5 batch=400/1171 global_step=5084/5855 loss=0.167313 lr=0.00037932
TCRD_TRAIN branch=C0 epoch=5/5 batch=500/1171 global_step=5184/5855 loss=0.167719 lr=0.00033480
TCRD_TRAIN branch=C0 epoch=5/5 batch=600/1171 global_step=5284/5855 loss=0.167773 lr=0.00028961
TCRD_TRAIN branch=C0 epoch=5/5 batch=700/1171 global_step=5384/5855 loss=0.166594 lr=0.00024361
TCRD_TRAIN branch=C0 epoch=5/5 batch=800/1171 global_step=5484/5855 loss=0.166234 lr=0.00019663
TCRD_TRAIN branch=C0 epoch=5/5 batch=900/1171 global_step=5584/5855 loss=0.166063 lr=0.00014834
TCRD_TRAIN branch=C0 epoch=5/5 batch=1000/1171 global_step=5684/5855 loss=0.166067 lr=0.00009820
TCRD_TRAIN branch=C0 epoch=5/5 batch=1100/1171 global_step=5784/5855 loss=0.165279 lr=0.00004485
TCRD_EPOCH_SUMMARY {"all_finite": true, "branch": "C0", "classification_loss": 0.16550551070477798, "epoch": 5, "epoch_seconds": 126.00976991653442, "global_step": 5855, "lr_end": 9.553286155452028e-07, "mechanism_parameters": {"competition_matrix": null, "eta_d": null, "eta_r": null, "kappa": null, "steps": 0}}
EVAL_PROGRESS 200/3418
EVAL_PROGRESS 400/3418
EVAL_PROGRESS 600/3418
EVAL_PROGRESS 800/3418
EVAL_PROGRESS 1000/3418
EVAL_PROGRESS 1200/3418
EVAL_PROGRESS 1400/3418
EVAL_PROGRESS 1600/3418
EVAL_PROGRESS 1800/3418
EVAL_PROGRESS 2000/3418
EVAL_PROGRESS 2200/3418
EVAL_PROGRESS 2400/3418
EVAL_PROGRESS 2600/3418
EVAL_PROGRESS 2800/3418
EVAL_PROGRESS 3000/3418
EVAL_PROGRESS 3200/3418
EVAL_PROGRESS 3400/3418
{
  "branch": "C0",
  "epoch5_mIoU": 67.23116170028777,
  "checkpoint_sha256": "0bc39c397d47bf4b0954aac4ef155bfb2d93866e8acb6ba8727e803a1778473c"
}
TCRD_BRANCH_COMPLETE branch=C0
TCRD_BRANCH_START branch=D
EVAL_PROGRESS 200/3418
EVAL_PROGRESS 400/3418
EVAL_PROGRESS 600/3418
EVAL_PROGRESS 800/3418
EVAL_PROGRESS 1000/3418
EVAL_PROGRESS 1200/3418
EVAL_PROGRESS 1400/3418
EVAL_PROGRESS 1600/3418
EVAL_PROGRESS 1800/3418
EVAL_PROGRESS 2000/3418
EVAL_PROGRESS 2200/3418
EVAL_PROGRESS 2400/3418
EVAL_PROGRESS 2600/3418
EVAL_PROGRESS 2800/3418
EVAL_PROGRESS 3000/3418
EVAL_PROGRESS 3200/3418
EVAL_PROGRESS 3400/3418
TCRD_TRAIN branch=D epoch=1/5 batch=100/1171 global_step=100/5855 loss=0.176529 lr=0.00231346
TCRD_TRAIN branch=D epoch=1/5 batch=200/1171 global_step=200/5855 loss=0.175737 lr=0.00227725
TCRD_TRAIN branch=D epoch=1/5 batch=300/1171 global_step=300/5855 loss=0.176350 lr=0.00224098
TCRD_TRAIN branch=D epoch=1/5 batch=400/1171 global_step=400/5855 loss=0.175920 lr=0.00220465
TCRD_TRAIN branch=D epoch=1/5 batch=500/1171 global_step=500/5855 loss=0.175461 lr=0.00216825
TCRD_TRAIN branch=D epoch=1/5 batch=600/1171 global_step=600/5855 loss=0.177204 lr=0.00213178
TCRD_TRAIN branch=D epoch=1/5 batch=700/1171 global_step=700/5855 loss=0.178574 lr=0.00209524
TCRD_TRAIN branch=D epoch=1/5 batch=800/1171 global_step=800/5855 loss=0.177148 lr=0.00205863
TCRD_TRAIN branch=D epoch=1/5 batch=900/1171 global_step=900/5855 loss=0.177516 lr=0.00202195
TCRD_TRAIN branch=D epoch=1/5 batch=1000/1171 global_step=1000/5855 loss=0.177931 lr=0.00198520
TCRD_TRAIN branch=D epoch=1/5 batch=1100/1171 global_step=1100/5855 loss=0.177792 lr=0.00194837
TCRD_EPOCH_SUMMARY {"all_finite": true, "branch": "D", "classification_loss": 0.178237419731336, "epoch": 1, "epoch_seconds": 116.00138664245605, "global_step": 1171, "lr_end": 0.001922168351569974, "mechanism_parameters": {"competition_matrix": null, "eta_d": 0.10116346180438995, "eta_r": null, "kappa": 0.9957479238510132, "steps": 3}}
EVAL_PROGRESS 200/3418
EVAL_PROGRESS 400/3418
EVAL_PROGRESS 600/3418
EVAL_PROGRESS 800/3418
EVAL_PROGRESS 1000/3418
EVAL_PROGRESS 1200/3418
EVAL_PROGRESS 1400/3418
EVAL_PROGRESS 1600/3418
EVAL_PROGRESS 1800/3418
EVAL_PROGRESS 2000/3418
EVAL_PROGRESS 2200/3418
EVAL_PROGRESS 2400/3418
EVAL_PROGRESS 2600/3418
EVAL_PROGRESS 2800/3418
EVAL_PROGRESS 3000/3418
EVAL_PROGRESS 3200/3418
EVAL_PROGRESS 3400/3418
TCRD_TRAIN branch=D epoch=2/5 batch=100/1171 global_step=1271/5855 loss=0.176501 lr=0.00188520
TCRD_TRAIN branch=D epoch=2/5 batch=200/1171 global_step=1371/5855 loss=0.180347 lr=0.00184816
TCRD_TRAIN branch=D epoch=2/5 batch=300/1171 global_step=1471/5855 loss=0.176204 lr=0.00181103
TCRD_TRAIN branch=D epoch=2/5 batch=400/1171 global_step=1571/5855 loss=0.176112 lr=0.00177382
TCRD_TRAIN branch=D epoch=2/5 batch=500/1171 global_step=1671/5855 loss=0.175559 lr=0.00173652
TCRD_TRAIN branch=D epoch=2/5 batch=600/1171 global_step=1771/5855 loss=0.175341 lr=0.00169913
TCRD_TRAIN branch=D epoch=2/5 batch=700/1171 global_step=1871/5855 loss=0.174420 lr=0.00166165
TCRD_TRAIN branch=D epoch=2/5 batch=800/1171 global_step=1971/5855 loss=0.174373 lr=0.00162407
TCRD_TRAIN branch=D epoch=2/5 batch=900/1171 global_step=2071/5855 loss=0.175137 lr=0.00158640
TCRD_TRAIN branch=D epoch=2/5 batch=1000/1171 global_step=2171/5855 loss=0.175239 lr=0.00154863
TCRD_TRAIN branch=D epoch=2/5 batch=1100/1171 global_step=2271/5855 loss=0.174836 lr=0.00151075
TCRD_EPOCH_SUMMARY {"all_finite": true, "branch": "D", "classification_loss": 0.1749833881931362, "epoch": 2, "epoch_seconds": 115.89407205581665, "global_step": 2342, "lr_end": 0.0014837965879669016, "mechanism_parameters": {"competition_matrix": null, "eta_d": 0.10209757089614868, "eta_r": null, "kappa": 0.9924032688140869, "steps": 3}}
EVAL_PROGRESS 200/3418
EVAL_PROGRESS 400/3418
EVAL_PROGRESS 600/3418
EVAL_PROGRESS 800/3418
EVAL_PROGRESS 1000/3418
EVAL_PROGRESS 1200/3418
EVAL_PROGRESS 1400/3418
EVAL_PROGRESS 1600/3418
EVAL_PROGRESS 1800/3418
EVAL_PROGRESS 2000/3418
EVAL_PROGRESS 2200/3418
EVAL_PROGRESS 2400/3418
EVAL_PROGRESS 2600/3418
EVAL_PROGRESS 2800/3418
EVAL_PROGRESS 3000/3418
EVAL_PROGRESS 3200/3418
EVAL_PROGRESS 3400/3418
TCRD_TRAIN branch=D epoch=3/5 batch=100/1171 global_step=2442/5855 loss=0.175096 lr=0.00144574
TCRD_TRAIN branch=D epoch=3/5 batch=200/1171 global_step=2542/5855 loss=0.175943 lr=0.00140757
TCRD_TRAIN branch=D epoch=3/5 batch=300/1171 global_step=2642/5855 loss=0.172977 lr=0.00136929
TCRD_TRAIN branch=D epoch=3/5 batch=400/1171 global_step=2742/5855 loss=0.172654 lr=0.00133088
TCRD_TRAIN branch=D epoch=3/5 batch=500/1171 global_step=2842/5855 loss=0.171969 lr=0.00129235
TCRD_TRAIN branch=D epoch=3/5 batch=600/1171 global_step=2942/5855 loss=0.172105 lr=0.00125370
TCRD_TRAIN branch=D epoch=3/5 batch=700/1171 global_step=3042/5855 loss=0.170419 lr=0.00121491
TCRD_TRAIN branch=D epoch=3/5 batch=800/1171 global_step=3142/5855 loss=0.171435 lr=0.00117598
TCRD_TRAIN branch=D epoch=3/5 batch=900/1171 global_step=3242/5855 loss=0.171295 lr=0.00113691
TCRD_TRAIN branch=D epoch=3/5 batch=1000/1171 global_step=3342/5855 loss=0.170824 lr=0.00109769
TCRD_TRAIN branch=D epoch=3/5 batch=1100/1171 global_step=3442/5855 loss=0.170906 lr=0.00105832
TCRD_EPOCH_SUMMARY {"all_finite": true, "branch": "D", "classification_loss": 0.1715479841810531, "epoch": 3, "epoch_seconds": 124.21073293685913, "global_step": 3513, "lr_end": 0.0010302623906800026, "mechanism_parameters": {"competition_matrix": null, "eta_d": 0.10279056429862976, "eta_r": null, "kappa": 0.9899578094482422, "steps": 3}}
EVAL_PROGRESS 200/3418
EVAL_PROGRESS 400/3418
EVAL_PROGRESS 600/3418
EVAL_PROGRESS 800/3418
EVAL_PROGRESS 1000/3418
EVAL_PROGRESS 1200/3418
EVAL_PROGRESS 1400/3418
EVAL_PROGRESS 1600/3418
EVAL_PROGRESS 1800/3418
EVAL_PROGRESS 2000/3418
EVAL_PROGRESS 2200/3418
EVAL_PROGRESS 2400/3418
EVAL_PROGRESS 2600/3418
EVAL_PROGRESS 2800/3418
EVAL_PROGRESS 3000/3418
EVAL_PROGRESS 3200/3418
EVAL_PROGRESS 3400/3418
TCRD_TRAIN branch=D epoch=4/5 batch=100/1171 global_step=3613/5855 loss=0.174050 lr=0.00099060
TCRD_TRAIN branch=D epoch=4/5 batch=200/1171 global_step=3713/5855 loss=0.174520 lr=0.00095076
TCRD_TRAIN branch=D epoch=4/5 batch=300/1171 global_step=3813/5855 loss=0.172827 lr=0.00091074
TCRD_TRAIN branch=D epoch=4/5 batch=400/1171 global_step=3913/5855 loss=0.169955 lr=0.00087052
TCRD_TRAIN branch=D epoch=4/5 batch=500/1171 global_step=4013/5855 loss=0.167320 lr=0.00083009
TCRD_TRAIN branch=D epoch=4/5 batch=600/1171 global_step=4113/5855 loss=0.168353 lr=0.00078944
TCRD_TRAIN branch=D epoch=4/5 batch=700/1171 global_step=4213/5855 loss=0.168298 lr=0.00074856
TCRD_TRAIN branch=D epoch=4/5 batch=800/1171 global_step=4313/5855 loss=0.167882 lr=0.00070743
TCRD_TRAIN branch=D epoch=4/5 batch=900/1171 global_step=4413/5855 loss=0.167433 lr=0.00066603
TCRD_TRAIN branch=D epoch=4/5 batch=1000/1171 global_step=4513/5855 loss=0.168077 lr=0.00062434
TCRD_TRAIN branch=D epoch=4/5 batch=1100/1171 global_step=4613/5855 loss=0.168422 lr=0.00058234
TCRD_EPOCH_SUMMARY {"all_finite": true, "branch": "D", "classification_loss": 0.1683327922904522, "epoch": 4, "epoch_seconds": 131.02097463607788, "global_step": 4684, "lr_end": 0.0005523160161440765, "mechanism_parameters": {"competition_matrix": null, "eta_d": 0.10322925448417664, "eta_r": null, "kappa": 0.9884264469146729, "steps": 3}}
EVAL_PROGRESS 200/3418
EVAL_PROGRESS 400/3418
EVAL_PROGRESS 600/3418
EVAL_PROGRESS 800/3418
EVAL_PROGRESS 1000/3418
EVAL_PROGRESS 1200/3418
EVAL_PROGRESS 1400/3418
EVAL_PROGRESS 1600/3418
EVAL_PROGRESS 1800/3418
EVAL_PROGRESS 2000/3418
EVAL_PROGRESS 2200/3418
EVAL_PROGRESS 2400/3418
EVAL_PROGRESS 2600/3418
EVAL_PROGRESS 2800/3418
EVAL_PROGRESS 3000/3418
EVAL_PROGRESS 3200/3418
EVAL_PROGRESS 3400/3418
TCRD_TRAIN branch=D epoch=5/5 batch=100/1171 global_step=4784/5855 loss=0.163853 lr=0.00050972
TCRD_TRAIN branch=D epoch=5/5 batch=200/1171 global_step=4884/5855 loss=0.166900 lr=0.00046672
TCRD_TRAIN branch=D epoch=5/5 batch=300/1171 global_step=4984/5855 loss=0.166655 lr=0.00042327
TCRD_TRAIN branch=D epoch=5/5 batch=400/1171 global_step=5084/5855 loss=0.167300 lr=0.00037932
TCRD_TRAIN branch=D epoch=5/5 batch=500/1171 global_step=5184/5855 loss=0.167710 lr=0.00033480
TCRD_TRAIN branch=D epoch=5/5 batch=600/1171 global_step=5284/5855 loss=0.167767 lr=0.00028961
TCRD_TRAIN branch=D epoch=5/5 batch=700/1171 global_step=5384/5855 loss=0.166589 lr=0.00024361
TCRD_TRAIN branch=D epoch=5/5 batch=800/1171 global_step=5484/5855 loss=0.166230 lr=0.00019663
TCRD_TRAIN branch=D epoch=5/5 batch=900/1171 global_step=5584/5855 loss=0.166059 lr=0.00014834
TCRD_TRAIN branch=D epoch=5/5 batch=1000/1171 global_step=5684/5855 loss=0.166064 lr=0.00009820
TCRD_TRAIN branch=D epoch=5/5 batch=1100/1171 global_step=5784/5855 loss=0.165276 lr=0.00004485
TCRD_EPOCH_SUMMARY {"all_finite": true, "branch": "D", "classification_loss": 0.16550291061121414, "epoch": 5, "epoch_seconds": 131.0085732936859, "global_step": 5855, "lr_end": 9.553286155452028e-07, "mechanism_parameters": {"competition_matrix": null, "eta_d": 0.10339008271694183, "eta_r": null, "kappa": 0.9878677129745483, "steps": 3}}
EVAL_PROGRESS 200/3418
EVAL_PROGRESS 400/3418
EVAL_PROGRESS 600/3418
EVAL_PROGRESS 800/3418
EVAL_PROGRESS 1000/3418
EVAL_PROGRESS 1200/3418
EVAL_PROGRESS 1400/3418
EVAL_PROGRESS 1600/3418
EVAL_PROGRESS 1800/3418
EVAL_PROGRESS 2000/3418
EVAL_PROGRESS 2200/3418
EVAL_PROGRESS 2400/3418
EVAL_PROGRESS 2600/3418
EVAL_PROGRESS 2800/3418
EVAL_PROGRESS 3000/3418
EVAL_PROGRESS 3200/3418
EVAL_PROGRESS 3400/3418
{
  "branch": "D",
  "epoch5_mIoU": 67.24853430032431,
  "checkpoint_sha256": "5c53d14c160a7d0847ab3aab5dcf7072eb6516b04802a530be3f28ceb74b7930"
}
TCRD_BRANCH_COMPLETE branch=D
TCRD_BRANCH_START branch=R
EVAL_PROGRESS 200/3418
EVAL_PROGRESS 400/3418
EVAL_PROGRESS 600/3418
EVAL_PROGRESS 800/3418
EVAL_PROGRESS 1000/3418
EVAL_PROGRESS 1200/3418
EVAL_PROGRESS 1400/3418
EVAL_PROGRESS 1600/3418
EVAL_PROGRESS 1800/3418
EVAL_PROGRESS 2000/3418
EVAL_PROGRESS 2200/3418
EVAL_PROGRESS 2400/3418
EVAL_PROGRESS 2600/3418
EVAL_PROGRESS 2800/3418
EVAL_PROGRESS 3000/3418
EVAL_PROGRESS 3200/3418
EVAL_PROGRESS 3400/3418
TCRD_TRAIN branch=R epoch=1/5 batch=100/1171 global_step=100/5855 loss=0.177399 lr=0.00231346
TCRD_TRAIN branch=R epoch=1/5 batch=200/1171 global_step=200/5855 loss=0.176589 lr=0.00227725
TCRD_TRAIN branch=R epoch=1/5 batch=300/1171 global_step=300/5855 loss=0.177200 lr=0.00224098
TCRD_TRAIN branch=R epoch=1/5 batch=400/1171 global_step=400/5855 loss=0.176768 lr=0.00220465
TCRD_TRAIN branch=R epoch=1/5 batch=500/1171 global_step=500/5855 loss=0.176307 lr=0.00216825
TCRD_TRAIN branch=R epoch=1/5 batch=600/1171 global_step=600/5855 loss=0.178061 lr=0.00213178
TCRD_TRAIN branch=R epoch=1/5 batch=700/1171 global_step=700/5855 loss=0.179435 lr=0.00209524
TCRD_TRAIN branch=R epoch=1/5 batch=800/1171 global_step=800/5855 loss=0.178012 lr=0.00205863
TCRD_TRAIN branch=R epoch=1/5 batch=900/1171 global_step=900/5855 loss=0.178381 lr=0.00202195
TCRD_TRAIN branch=R epoch=1/5 batch=1000/1171 global_step=1000/5855 loss=0.178800 lr=0.00198520
TCRD_TRAIN branch=R epoch=1/5 batch=1100/1171 global_step=1100/5855 loss=0.178656 lr=0.00194837
TCRD_EPOCH_SUMMARY {"all_finite": true, "branch": "R", "classification_loss": 0.179103066551441, "epoch": 1, "epoch_seconds": 154.0879774093628, "global_step": 1171, "lr_end": 0.001922168351569974, "mechanism_parameters": {"competition_matrix": [[0.0, 0.9957593679428101, 0.9957457780838013, 0.9957464337348938], [0.9957593679428101, 0.0, 0.9957488775253296, 0.9957472085952759], [0.9957457780838013, 0.9957488775253296, 0.0, 0.9957492351531982], [0.9957464337348938, 0.9957472085952759, 0.9957492351531982, 0.0]], "eta_d": null, "eta_r": 0.10073623806238174, "kappa": null, "steps": 3}}
EVAL_PROGRESS 200/3418
EVAL_PROGRESS 400/3418
EVAL_PROGRESS 600/3418
EVAL_PROGRESS 800/3418
EVAL_PROGRESS 1000/3418
EVAL_PROGRESS 1200/3418
EVAL_PROGRESS 1400/3418
EVAL_PROGRESS 1600/3418
EVAL_PROGRESS 1800/3418
EVAL_PROGRESS 2000/3418
EVAL_PROGRESS 2200/3418
EVAL_PROGRESS 2400/3418
EVAL_PROGRESS 2600/3418
EVAL_PROGRESS 2800/3418
EVAL_PROGRESS 3000/3418
EVAL_PROGRESS 3200/3418
EVAL_PROGRESS 3400/3418
TCRD_TRAIN branch=R epoch=2/5 batch=100/1171 global_step=1271/5855 loss=0.177387 lr=0.00188520
TCRD_TRAIN branch=R epoch=2/5 batch=200/1171 global_step=1371/5855 loss=0.181224 lr=0.00184816
TCRD_TRAIN branch=R epoch=2/5 batch=300/1171 global_step=1471/5855 loss=0.177065 lr=0.00181103
TCRD_TRAIN branch=R epoch=2/5 batch=400/1171 global_step=1571/5855 loss=0.176978 lr=0.00177382
TCRD_TRAIN branch=R epoch=2/5 batch=500/1171 global_step=1671/5855 loss=0.176422 lr=0.00173652
TCRD_TRAIN branch=R epoch=2/5 batch=600/1171 global_step=1771/5855 loss=0.176204 lr=0.00169913
TCRD_TRAIN branch=R epoch=2/5 batch=700/1171 global_step=1871/5855 loss=0.175275 lr=0.00166165
TCRD_TRAIN branch=R epoch=2/5 batch=800/1171 global_step=1971/5855 loss=0.175225 lr=0.00162407
TCRD_TRAIN branch=R epoch=2/5 batch=900/1171 global_step=2071/5855 loss=0.175991 lr=0.00158640
TCRD_TRAIN branch=R epoch=2/5 batch=1000/1171 global_step=2171/5855 loss=0.176093 lr=0.00154863
TCRD_TRAIN branch=R epoch=2/5 batch=1100/1171 global_step=2271/5855 loss=0.175693 lr=0.00151075
TCRD_EPOCH_SUMMARY {"all_finite": true, "branch": "R", "classification_loss": 0.17584079792237914, "epoch": 2, "epoch_seconds": 152.01320791244507, "global_step": 2342, "lr_end": 0.0014837965879669016, "mechanism_parameters": {"competition_matrix": [[0.0, 0.9924224019050598, 0.9923986196517944, 0.9923992156982422], [0.9924224019050598, 0.0, 0.9924041032791138, 0.992401123046875], [0.9923986196517944, 0.9924041032791138, 0.0, 0.9924046993255615], [0.9923992156982422, 0.992401123046875, 0.9924046993255615, 0.0]], "eta_d": null, "eta_r": 0.10132139921188354, "kappa": null, "steps": 3}}
EVAL_PROGRESS 200/3418
EVAL_PROGRESS 400/3418
EVAL_PROGRESS 600/3418
EVAL_PROGRESS 800/3418
EVAL_PROGRESS 1000/3418
EVAL_PROGRESS 1200/3418
EVAL_PROGRESS 1400/3418
EVAL_PROGRESS 1600/3418
EVAL_PROGRESS 1800/3418
EVAL_PROGRESS 2000/3418
EVAL_PROGRESS 2200/3418
EVAL_PROGRESS 2400/3418
EVAL_PROGRESS 2600/3418
EVAL_PROGRESS 2800/3418
EVAL_PROGRESS 3000/3418
EVAL_PROGRESS 3200/3418
EVAL_PROGRESS 3400/3418
TCRD_TRAIN branch=R epoch=3/5 batch=100/1171 global_step=2442/5855 loss=0.175964 lr=0.00144574
TCRD_TRAIN branch=R epoch=3/5 batch=200/1171 global_step=2542/5855 loss=0.176809 lr=0.00140757
TCRD_TRAIN branch=R epoch=3/5 batch=300/1171 global_step=2642/5855 loss=0.173822 lr=0.00136929
TCRD_TRAIN branch=R epoch=3/5 batch=400/1171 global_step=2742/5855 loss=0.173506 lr=0.00133088
TCRD_TRAIN branch=R epoch=3/5 batch=500/1171 global_step=2842/5855 loss=0.172809 lr=0.00129235
TCRD_TRAIN branch=R epoch=3/5 batch=600/1171 global_step=2942/5855 loss=0.172942 lr=0.00125370
TCRD_TRAIN branch=R epoch=3/5 batch=700/1171 global_step=3042/5855 loss=0.171253 lr=0.00121491
TCRD_TRAIN branch=R epoch=3/5 batch=800/1171 global_step=3142/5855 loss=0.172278 lr=0.00117598
TCRD_TRAIN branch=R epoch=3/5 batch=900/1171 global_step=3242/5855 loss=0.172134 lr=0.00113691
TCRD_TRAIN branch=R epoch=3/5 batch=1000/1171 global_step=3342/5855 loss=0.171662 lr=0.00109769
TCRD_TRAIN branch=R epoch=3/5 batch=1100/1171 global_step=3442/5855 loss=0.171746 lr=0.00105832
TCRD_EPOCH_SUMMARY {"all_finite": true, "branch": "R", "classification_loss": 0.1723919682090197, "epoch": 3, "epoch_seconds": 153.72033190727234, "global_step": 3513, "lr_end": 0.0010302623906800026, "mechanism_parameters": {"competition_matrix": [[0.0, 0.9899830222129822, 0.9899524450302124, 0.9899531602859497], [0.9899830222129822, 0.0, 0.9899588823318481, 0.9899553060531616], [0.9899524450302124, 0.9899588823318481, 0.0, 0.9899598360061646], [0.9899531602859497, 0.9899553060531616, 0.9899598360061646, 0.0]], "eta_d": null, "eta_r": 0.1017545759677887, "kappa": null, "steps": 3}}
EVAL_PROGRESS 200/3418
EVAL_PROGRESS 400/3418
EVAL_PROGRESS 600/3418
EVAL_PROGRESS 800/3418
EVAL_PROGRESS 1000/3418
EVAL_PROGRESS 1200/3418
EVAL_PROGRESS 1400/3418
EVAL_PROGRESS 1600/3418
EVAL_PROGRESS 1800/3418
EVAL_PROGRESS 2000/3418
EVAL_PROGRESS 2200/3418
EVAL_PROGRESS 2400/3418
EVAL_PROGRESS 2600/3418
EVAL_PROGRESS 2800/3418
EVAL_PROGRESS 3000/3418
EVAL_PROGRESS 3200/3418
EVAL_PROGRESS 3400/3418
TCRD_TRAIN branch=R epoch=4/5 batch=100/1171 global_step=3613/5855 loss=0.174895 lr=0.00099060
TCRD_TRAIN branch=R epoch=4/5 batch=200/1171 global_step=3713/5855 loss=0.175339 lr=0.00095076
TCRD_TRAIN branch=R epoch=4/5 batch=300/1171 global_step=3813/5855 loss=0.173654 lr=0.00091074
TCRD_TRAIN branch=R epoch=4/5 batch=400/1171 global_step=3913/5855 loss=0.170779 lr=0.00087052
TCRD_TRAIN branch=R epoch=4/5 batch=500/1171 global_step=4013/5855 loss=0.168138 lr=0.00083009
TCRD_TRAIN branch=R epoch=4/5 batch=600/1171 global_step=4113/5855 loss=0.169175 lr=0.00078944
TCRD_TRAIN branch=R epoch=4/5 batch=700/1171 global_step=4213/5855 loss=0.169119 lr=0.00074856
TCRD_TRAIN branch=R epoch=4/5 batch=800/1171 global_step=4313/5855 loss=0.168706 lr=0.00070743
TCRD_TRAIN branch=R epoch=4/5 batch=900/1171 global_step=4413/5855 loss=0.168257 lr=0.00066603
TCRD_TRAIN branch=R epoch=4/5 batch=1000/1171 global_step=4513/5855 loss=0.168904 lr=0.00062434
TCRD_TRAIN branch=R epoch=4/5 batch=1100/1171 global_step=4613/5855 loss=0.169255 lr=0.00058234
TCRD_EPOCH_SUMMARY {"all_finite": true, "branch": "R", "classification_loss": 0.16916871334272607, "epoch": 4, "epoch_seconds": 153.63407278060913, "global_step": 4684, "lr_end": 0.0005523160161440765, "mechanism_parameters": {"competition_matrix": [[0.0, 0.9884546995162964, 0.9884200096130371, 0.988420844078064], [0.9884546995162964, 0.0, 0.9884272813796997, 0.9884237051010132], [0.9884200096130371, 0.9884272813796997, 0.0, 0.9884288311004639], [0.988420844078064, 0.9884237051010132, 0.9884288311004639, 0.0]], "eta_d": null, "eta_r": 0.10202784836292267, "kappa": null, "steps": 3}}
EVAL_PROGRESS 200/3418
EVAL_PROGRESS 400/3418
EVAL_PROGRESS 600/3418
EVAL_PROGRESS 800/3418
EVAL_PROGRESS 1000/3418
EVAL_PROGRESS 1200/3418
EVAL_PROGRESS 1400/3418
EVAL_PROGRESS 1600/3418
EVAL_PROGRESS 1800/3418
EVAL_PROGRESS 2000/3418
EVAL_PROGRESS 2200/3418
EVAL_PROGRESS 2400/3418
EVAL_PROGRESS 2600/3418
EVAL_PROGRESS 2800/3418
EVAL_PROGRESS 3000/3418
EVAL_PROGRESS 3200/3418
EVAL_PROGRESS 3400/3418
TCRD_TRAIN branch=R epoch=5/5 batch=100/1171 global_step=4784/5855 loss=0.164712 lr=0.00050972
TCRD_TRAIN branch=R epoch=5/5 batch=200/1171 global_step=4884/5855 loss=0.167764 lr=0.00046672
TCRD_TRAIN branch=R epoch=5/5 batch=300/1171 global_step=4984/5855 loss=0.167512 lr=0.00042327
TCRD_TRAIN branch=R epoch=5/5 batch=400/1171 global_step=5084/5855 loss=0.168153 lr=0.00037932
TCRD_TRAIN branch=R epoch=5/5 batch=500/1171 global_step=5184/5855 loss=0.168560 lr=0.00033480
TCRD_TRAIN branch=R epoch=5/5 batch=600/1171 global_step=5284/5855 loss=0.168615 lr=0.00028961
TCRD_TRAIN branch=R epoch=5/5 batch=700/1171 global_step=5384/5855 loss=0.167434 lr=0.00024361
TCRD_TRAIN branch=R epoch=5/5 batch=800/1171 global_step=5484/5855 loss=0.167076 lr=0.00019663
TCRD_TRAIN branch=R epoch=5/5 batch=900/1171 global_step=5584/5855 loss=0.166899 lr=0.00014834
TCRD_TRAIN branch=R epoch=5/5 batch=1000/1171 global_step=5684/5855 loss=0.166904 lr=0.00009820
TCRD_TRAIN branch=R epoch=5/5 batch=1100/1171 global_step=5784/5855 loss=0.166115 lr=0.00004485
TCRD_EPOCH_SUMMARY {"all_finite": true, "branch": "R", "classification_loss": 0.16634260591701705, "epoch": 5, "epoch_seconds": 153.73191499710083, "global_step": 5855, "lr_end": 9.553286155452028e-07, "mechanism_parameters": {"competition_matrix": [[0.0, 0.9878968000411987, 0.9878606796264648, 0.9878620505332947], [0.9878968000411987, 0.0, 0.9878685474395752, 0.9878647327423096], [0.9878606796264648, 0.9878685474395752, 0.0, 0.9878702163696289], [0.9878620505332947, 0.9878647327423096, 0.9878702163696289, 0.0]], "eta_d": null, "eta_r": 0.10212786495685577, "kappa": null, "steps": 3}}
EVAL_PROGRESS 200/3418
EVAL_PROGRESS 400/3418
EVAL_PROGRESS 600/3418
EVAL_PROGRESS 800/3418
EVAL_PROGRESS 1000/3418
EVAL_PROGRESS 1200/3418
EVAL_PROGRESS 1400/3418
EVAL_PROGRESS 1600/3418
EVAL_PROGRESS 1800/3418
EVAL_PROGRESS 2000/3418
EVAL_PROGRESS 2200/3418
EVAL_PROGRESS 2400/3418
EVAL_PROGRESS 2600/3418
EVAL_PROGRESS 2800/3418
EVAL_PROGRESS 3000/3418
EVAL_PROGRESS 3200/3418
EVAL_PROGRESS 3400/3418
{
  "branch": "R",
  "epoch5_mIoU": 67.29834918424072,
  "checkpoint_sha256": "2ec4f7c00c9eb7300a0054a99af047b91ab23396deae0f976c642550a66b8bfc"
}
TCRD_BRANCH_COMPLETE branch=R
TCRD_BRANCH_START branch=DR
EVAL_PROGRESS 200/3418
EVAL_PROGRESS 400/3418
EVAL_PROGRESS 600/3418
EVAL_PROGRESS 800/3418
EVAL_PROGRESS 1000/3418
EVAL_PROGRESS 1200/3418
EVAL_PROGRESS 1400/3418
EVAL_PROGRESS 1600/3418
EVAL_PROGRESS 1800/3418
EVAL_PROGRESS 2000/3418
EVAL_PROGRESS 2200/3418
EVAL_PROGRESS 2400/3418
EVAL_PROGRESS 2600/3418
EVAL_PROGRESS 2800/3418
EVAL_PROGRESS 3000/3418
EVAL_PROGRESS 3200/3418
EVAL_PROGRESS 3400/3418
TCRD_TRAIN branch=DR epoch=1/5 batch=100/1171 global_step=100/5855 loss=0.177369 lr=0.00231346
TCRD_TRAIN branch=DR epoch=1/5 batch=200/1171 global_step=200/5855 loss=0.176567 lr=0.00227725
TCRD_TRAIN branch=DR epoch=1/5 batch=300/1171 global_step=300/5855 loss=0.177176 lr=0.00224098
TCRD_TRAIN branch=DR epoch=1/5 batch=400/1171 global_step=400/5855 loss=0.176747 lr=0.00220465
TCRD_TRAIN branch=DR epoch=1/5 batch=500/1171 global_step=500/5855 loss=0.176285 lr=0.00216825
TCRD_TRAIN branch=DR epoch=1/5 batch=600/1171 global_step=600/5855 loss=0.178038 lr=0.00213178
TCRD_TRAIN branch=DR epoch=1/5 batch=700/1171 global_step=700/5855 loss=0.179414 lr=0.00209524
TCRD_TRAIN branch=DR epoch=1/5 batch=800/1171 global_step=800/5855 loss=0.177991 lr=0.00205863
TCRD_TRAIN branch=DR epoch=1/5 batch=900/1171 global_step=900/5855 loss=0.178361 lr=0.00202195
TCRD_TRAIN branch=DR epoch=1/5 batch=1000/1171 global_step=1000/5855 loss=0.178782 lr=0.00198520
TCRD_TRAIN branch=DR epoch=1/5 batch=1100/1171 global_step=1100/5855 loss=0.178642 lr=0.00194837
TCRD_EPOCH_SUMMARY {"all_finite": true, "branch": "DR", "classification_loss": 0.17908852437970782, "epoch": 1, "epoch_seconds": 159.95108699798584, "global_step": 1171, "lr_end": 0.001922168351569974, "mechanism_parameters": {"competition_matrix": [[0.0, 0.9957593679428101, 0.9957457184791565, 0.9957464337348938], [0.9957593679428101, 0.0, 0.9957490563392639, 0.9957472085952759], [0.9957457184791565, 0.9957490563392639, 0.0, 0.9957492351531982], [0.9957464337348938, 0.9957472085952759, 0.9957492351531982, 0.0]], "eta_d": 0.10116271674633026, "eta_r": 0.10073576867580414, "kappa": 0.9957480430603027, "steps": 3}}
EVAL_PROGRESS 200/3418
EVAL_PROGRESS 400/3418
EVAL_PROGRESS 600/3418
EVAL_PROGRESS 800/3418
EVAL_PROGRESS 1000/3418
EVAL_PROGRESS 1200/3418
EVAL_PROGRESS 1400/3418
EVAL_PROGRESS 1600/3418
EVAL_PROGRESS 1800/3418
EVAL_PROGRESS 2000/3418
EVAL_PROGRESS 2200/3418
EVAL_PROGRESS 2400/3418
EVAL_PROGRESS 2600/3418
EVAL_PROGRESS 2800/3418
EVAL_PROGRESS 3000/3418
EVAL_PROGRESS 3200/3418
EVAL_PROGRESS 3400/3418
TCRD_TRAIN branch=DR epoch=2/5 batch=100/1171 global_step=1271/5855 loss=0.177359 lr=0.00188520
TCRD_TRAIN branch=DR epoch=2/5 batch=200/1171 global_step=1371/5855 loss=0.181203 lr=0.00184816
TCRD_TRAIN branch=DR epoch=2/5 batch=300/1171 global_step=1471/5855 loss=0.177059 lr=0.00181103
TCRD_TRAIN branch=DR epoch=2/5 batch=400/1171 global_step=1571/5855 loss=0.176965 lr=0.00177382
TCRD_TRAIN branch=DR epoch=2/5 batch=500/1171 global_step=1671/5855 loss=0.176412 lr=0.00173652
TCRD_TRAIN branch=DR epoch=2/5 batch=600/1171 global_step=1771/5855 loss=0.176193 lr=0.00169913
TCRD_TRAIN branch=DR epoch=2/5 batch=700/1171 global_step=1871/5855 loss=0.175264 lr=0.00166165
TCRD_TRAIN branch=DR epoch=2/5 batch=800/1171 global_step=1971/5855 loss=0.175218 lr=0.00162407
TCRD_TRAIN branch=DR epoch=2/5 batch=900/1171 global_step=2071/5855 loss=0.175981 lr=0.00158640
TCRD_TRAIN branch=DR epoch=2/5 batch=1000/1171 global_step=2171/5855 loss=0.176085 lr=0.00154863
TCRD_TRAIN branch=DR epoch=2/5 batch=1100/1171 global_step=2271/5855 loss=0.175684 lr=0.00151075
TCRD_EPOCH_SUMMARY {"all_finite": true, "branch": "DR", "classification_loss": 0.17583204791853307, "epoch": 2, "epoch_seconds": 159.72537064552307, "global_step": 2342, "lr_end": 0.0014837965879669016, "mechanism_parameters": {"competition_matrix": [[0.0, 0.9924224615097046, 0.9923985004425049, 0.992399275302887], [0.9924224615097046, 0.0, 0.9924044609069824, 0.9924010634422302], [0.9923985004425049, 0.9924044609069824, 0.0, 0.9924046993255615], [0.992399275302887, 0.9924010634422302, 0.9924046993255615, 0.0]], "eta_d": 0.10209619998931885, "eta_r": 0.10132043808698654, "kappa": 0.9924032688140869, "steps": 3}}
EVAL_PROGRESS 200/3418
EVAL_PROGRESS 400/3418
EVAL_PROGRESS 600/3418
EVAL_PROGRESS 800/3418
EVAL_PROGRESS 1000/3418
EVAL_PROGRESS 1200/3418
EVAL_PROGRESS 1400/3418
EVAL_PROGRESS 1600/3418
EVAL_PROGRESS 1800/3418
EVAL_PROGRESS 2000/3418
EVAL_PROGRESS 2200/3418
EVAL_PROGRESS 2400/3418
EVAL_PROGRESS 2600/3418
EVAL_PROGRESS 2800/3418
EVAL_PROGRESS 3000/3418
EVAL_PROGRESS 3200/3418
EVAL_PROGRESS 3400/3418
TCRD_TRAIN branch=DR epoch=3/5 batch=100/1171 global_step=2442/5855 loss=0.175987 lr=0.00144574
TCRD_TRAIN branch=DR epoch=3/5 batch=200/1171 global_step=2542/5855 loss=0.176811 lr=0.00140757
TCRD_TRAIN branch=DR epoch=3/5 batch=300/1171 global_step=2642/5855 loss=0.173824 lr=0.00136929
TCRD_TRAIN branch=DR epoch=3/5 batch=400/1171 global_step=2742/5855 loss=0.173505 lr=0.00133088
TCRD_TRAIN branch=DR epoch=3/5 batch=500/1171 global_step=2842/5855 loss=0.172808 lr=0.00129235
TCRD_TRAIN branch=DR epoch=3/5 batch=600/1171 global_step=2942/5855 loss=0.172944 lr=0.00125370
TCRD_TRAIN branch=DR epoch=3/5 batch=700/1171 global_step=3042/5855 loss=0.171253 lr=0.00121491
TCRD_TRAIN branch=DR epoch=3/5 batch=800/1171 global_step=3142/5855 loss=0.172276 lr=0.00117598
TCRD_TRAIN branch=DR epoch=3/5 batch=900/1171 global_step=3242/5855 loss=0.172131 lr=0.00113691
TCRD_TRAIN branch=DR epoch=3/5 batch=1000/1171 global_step=3342/5855 loss=0.171658 lr=0.00109769
TCRD_TRAIN branch=DR epoch=3/5 batch=1100/1171 global_step=3442/5855 loss=0.171744 lr=0.00105832
TCRD_EPOCH_SUMMARY {"all_finite": true, "branch": "DR", "classification_loss": 0.17238832922393088, "epoch": 3, "epoch_seconds": 159.70764589309692, "global_step": 3513, "lr_end": 0.0010302623906800026, "mechanism_parameters": {"competition_matrix": [[0.0, 0.9899830222129822, 0.9899523854255676, 0.9899532198905945], [0.9899830222129822, 0.0, 0.9899592399597168, 0.9899551272392273], [0.9899523854255676, 0.9899592399597168, 0.0, 0.9899598360061646], [0.9899532198905945, 0.9899551272392273, 0.9899598360061646, 0.0]], "eta_d": 0.1027887761592865, "eta_r": 0.10175320506095886, "kappa": 0.9899578094482422, "steps": 3}}
EVAL_PROGRESS 200/3418
EVAL_PROGRESS 400/3418
EVAL_PROGRESS 600/3418
EVAL_PROGRESS 800/3418
EVAL_PROGRESS 1000/3418
EVAL_PROGRESS 1200/3418
EVAL_PROGRESS 1400/3418
EVAL_PROGRESS 1600/3418
EVAL_PROGRESS 1800/3418
EVAL_PROGRESS 2000/3418
EVAL_PROGRESS 2200/3418
EVAL_PROGRESS 2400/3418
EVAL_PROGRESS 2600/3418
EVAL_PROGRESS 2800/3418
EVAL_PROGRESS 3000/3418
EVAL_PROGRESS 3200/3418
EVAL_PROGRESS 3400/3418
TCRD_TRAIN branch=DR epoch=4/5 batch=100/1171 global_step=3613/5855 loss=0.174872 lr=0.00099060
TCRD_TRAIN branch=DR epoch=4/5 batch=200/1171 global_step=3713/5855 loss=0.175338 lr=0.00095076
TCRD_TRAIN branch=DR epoch=4/5 batch=300/1171 global_step=3813/5855 loss=0.173645 lr=0.00091074
TCRD_TRAIN branch=DR epoch=4/5 batch=400/1171 global_step=3913/5855 loss=0.170771 lr=0.00087052
TCRD_TRAIN branch=DR epoch=4/5 batch=500/1171 global_step=4013/5855 loss=0.168126 lr=0.00083009
TCRD_TRAIN branch=DR epoch=4/5 batch=600/1171 global_step=4113/5855 loss=0.169167 lr=0.00078944
TCRD_TRAIN branch=DR epoch=4/5 batch=700/1171 global_step=4213/5855 loss=0.169112 lr=0.00074856
TCRD_TRAIN branch=DR epoch=4/5 batch=800/1171 global_step=4313/5855 loss=0.168699 lr=0.00070743
TCRD_TRAIN branch=DR epoch=4/5 batch=900/1171 global_step=4413/5855 loss=0.168251 lr=0.00066603
TCRD_TRAIN branch=DR epoch=4/5 batch=1000/1171 global_step=4513/5855 loss=0.168898 lr=0.00062434
TCRD_TRAIN branch=DR epoch=4/5 batch=1100/1171 global_step=4613/5855 loss=0.169248 lr=0.00058234
TCRD_EPOCH_SUMMARY {"all_finite": true, "branch": "DR", "classification_loss": 0.16916074451094099, "epoch": 4, "epoch_seconds": 159.81919765472412, "global_step": 4684, "lr_end": 0.0005523160161440765, "mechanism_parameters": {"competition_matrix": [[0.0, 0.9884546995162964, 0.9884200096130371, 0.9884209632873535], [0.9884546995162964, 0.0, 0.9884276986122131, 0.9884235262870789], [0.9884200096130371, 0.9884276986122131, 0.0, 0.9884288311004639], [0.9884209632873535, 0.9884235262870789, 0.9884288311004639, 0.0]], "eta_d": 0.10322719812393188, "eta_r": 0.10202616453170776, "kappa": 0.9884263277053833, "steps": 3}}
EVAL_PROGRESS 200/3418
EVAL_PROGRESS 400/3418
EVAL_PROGRESS 600/3418
EVAL_PROGRESS 800/3418
EVAL_PROGRESS 1000/3418
EVAL_PROGRESS 1200/3418
EVAL_PROGRESS 1400/3418
EVAL_PROGRESS 1600/3418
EVAL_PROGRESS 1800/3418
EVAL_PROGRESS 2000/3418
EVAL_PROGRESS 2200/3418
EVAL_PROGRESS 2400/3418
EVAL_PROGRESS 2600/3418
EVAL_PROGRESS 2800/3418
EVAL_PROGRESS 3000/3418
EVAL_PROGRESS 3200/3418
EVAL_PROGRESS 3400/3418
TCRD_TRAIN branch=DR epoch=5/5 batch=100/1171 global_step=4784/5855 loss=0.164685 lr=0.00050972
TCRD_TRAIN branch=DR epoch=5/5 batch=200/1171 global_step=4884/5855 loss=0.167731 lr=0.00046672
TCRD_TRAIN branch=DR epoch=5/5 batch=300/1171 global_step=4984/5855 loss=0.167485 lr=0.00042327
TCRD_TRAIN branch=DR epoch=5/5 batch=400/1171 global_step=5084/5855 loss=0.168124 lr=0.00037932
TCRD_TRAIN branch=DR epoch=5/5 batch=500/1171 global_step=5184/5855 loss=0.168530 lr=0.00033480
TCRD_TRAIN branch=DR epoch=5/5 batch=600/1171 global_step=5284/5855 loss=0.168591 lr=0.00028961
TCRD_TRAIN branch=DR epoch=5/5 batch=700/1171 global_step=5384/5855 loss=0.167412 lr=0.00024361
TCRD_TRAIN branch=DR epoch=5/5 batch=800/1171 global_step=5484/5855 loss=0.167053 lr=0.00019663
TCRD_TRAIN branch=DR epoch=5/5 batch=900/1171 global_step=5584/5855 loss=0.166876 lr=0.00014834
TCRD_TRAIN branch=DR epoch=5/5 batch=1000/1171 global_step=5684/5855 loss=0.166882 lr=0.00009820
TCRD_TRAIN branch=DR epoch=5/5 batch=1100/1171 global_step=5784/5855 loss=0.166095 lr=0.00004485
TCRD_EPOCH_SUMMARY {"all_finite": true, "branch": "DR", "classification_loss": 0.16632373471936032, "epoch": 5, "epoch_seconds": 159.55077385902405, "global_step": 5855, "lr_end": 9.553286155452028e-07, "mechanism_parameters": {"competition_matrix": [[0.0, 0.9878968000411987, 0.9878606796264648, 0.9878621101379395], [0.9878968000411987, 0.0, 0.9878688454627991, 0.98786461353302], [0.9878606796264648, 0.9878688454627991, 0.0, 0.9878702163696289], [0.9878621101379395, 0.98786461353302, 0.9878702163696289, 0.0]], "eta_d": 0.10338790714740753, "eta_r": 0.1021261215209961, "kappa": 0.9878676533699036, "steps": 3}}
EVAL_PROGRESS 200/3418
EVAL_PROGRESS 400/3418
EVAL_PROGRESS 600/3418
EVAL_PROGRESS 800/3418
EVAL_PROGRESS 1000/3418
EVAL_PROGRESS 1200/3418
EVAL_PROGRESS 1400/3418
EVAL_PROGRESS 1600/3418
EVAL_PROGRESS 1800/3418
EVAL_PROGRESS 2000/3418
EVAL_PROGRESS 2200/3418
EVAL_PROGRESS 2400/3418
EVAL_PROGRESS 2600/3418
EVAL_PROGRESS 2800/3418
EVAL_PROGRESS 3000/3418
EVAL_PROGRESS 3200/3418
EVAL_PROGRESS 3400/3418
{
  "branch": "DR",
  "epoch5_mIoU": 67.28797243409477,
  "checkpoint_sha256": "9ac5744e4c94290a54921e67d6a2d09f96c413d0cdcbffdfe8336340464a8226"
}
TCRD_BRANCH_COMPLETE branch=DR
{
  "branch_decisions": {
    "D": "SPED_UTILITY_NOGO",
    "DR": "TCRD_FULL_REVIEW",
    "R": "TCER_UTILITY_REVIEW"
  },
  "deltas": {
    "D": {
      "cam28_1_mIoU_pp": 0.03440518816021365,
      "class_iou_pp": {
        "0": -0.001464123086170055,
        "1": 0.004658398174217648,
        "2": 0.004681957871000009,
        "3": 0.061614167187040714
      },
      "final_mDice_pp": 0.01290023360255299,
      "final_mIoU_pp": 0.017372600036535957
    },
    "DR": {
      "cam28_1_mIoU_pp": 0.1034986936053639,
      "class_iou_pp": {
        "0": 0.038598592349881056,
        "1": 0.04549760699192884,
        "2": 0.09130855512068381,
        "3": 0.05183818076544
      },
      "final_mDice_pp": 0.0419559987194007,
      "final_mIoU_pp": 0.05681073380698898
    },
    "R": {
      "cam28_1_mIoU_pp": 0.10222324790321036,
      "class_iou_pp": {
        "0": 0.055976991108630525,
        "1": 0.06381520415982278,
        "2": 0.08769232802031679,
        "3": 0.061265412522970575
      },
      "final_mDice_pp": 0.048917598461428735,
      "final_mIoU_pp": 0.06718748395294627
    }
  },
  "report": "/home/duyanhong/experiments/TCRD_V0_UTILITY_GATE_672bf52/docs/tcrd_v0_utility_gate_report.md",
  "route": "ROUTE_E_CLOSE"
}
ROUTE_E_CLOSE
